../Drivers/CMSIS/Include/core_cm7.h:2392:22:SCB_CleanDCache	24	static,ignoring_inline_asm
../Core/Src/ili9341.c:66:6:sendSPI	16	static
../Core/Src/ili9341.c:71:6:Delay	16	static
../Core/Src/ili9341.c:76:13:RESET_L	8	static
../Core/Src/ili9341.c:81:13:RESET_H	8	static
../Core/Src/ili9341.c:86:13:CS_L	8	static
../Core/Src/ili9341.c:91:13:DC_L	8	static
../Core/Src/ili9341.c:96:13:DC_H	8	static
../Core/Src/ili9341.c:101:13:LED_H	4	static
../Core/Src/ili9341.c:109:6:ILI9341_Init	8	static
../Core/Src/ili9341.c:231:6:ILI9341_SetWindow	24	static
../Core/Src/ili9341.c:248:6:ILI9341_WritePixel	24	static
../Core/Src/ili9341.c:260:13:ConvHL	24	static
../Core/Src/ili9341.c:273:6:ILI9341_DrawBitmap	16	static
../Core/Src/ili9341.c:283:6:ILI9341_DrawBitmapDMA	16	static
../Core/Src/ili9341.c:298:6:ILI9341_EndOfDrawBitmap	4	static
../Core/Src/ili9341.c:303:6:ILI9341_Reset	8	static
../Core/Src/ili9341.c:313:6:ILI9341_SoftReset	16	static
../Core/Src/ili9341.c:322:6:LCD_WR_REG	16	static
../Core/Src/ili9341.c:328:13:LCD_WR_DATA	16	static
../Core/Src/ili9341.c:334:13:LCD_direction	16	static
